60 frames, neural, 0x360 degrees at 6 deg/frame, 384x384 at 32 spp, 4 workers
  [1/60] frame 0
  [2/60] frame 1
  [3/60] frame 2
  [4/60] frame 3
  [5/60] frame 4
  [6/60] frame 5
  [7/60] frame 6
  [8/60] frame 7
  [9/60] frame 8
  [10/60] frame 9
  [11/60] frame 10
  [12/60] frame 11
  [13/60] frame 12
  [14/60] frame 13
  [15/60] frame 14
  [16/60] frame 15
  [17/60] frame 16
  [18/60] frame 17
  [19/60] frame 18
  [20/60] frame 19
  [21/60] frame 20
  [22/60] frame 21
  [23/60] frame 22
  [24/60] frame 23
  [25/60] frame 24
  [26/60] frame 25
  [27/60] frame 26
  [28/60] frame 27
  [29/60] frame 28
  [30/60] frame 29
  [31/60] frame 30
  [32/60] frame 31
  [33/60] frame 32
  [34/60] frame 33
  [35/60] frame 34
  [36/60] frame 35
  [37/60] frame 36
  [38/60] frame 37
  [39/60] frame 38
  [40/60] frame 39
  [41/60] frame 40
  [42/60] frame 41
  [43/60] frame 42
  [44/60] frame 43
  [45/60] frame 44
  [46/60] frame 45
  [47/60] frame 46
  [48/60] frame 47
  [49/60] frame 48
  [50/60] frame 49
  [51/60] frame 50
  [52/60] frame 51
  [53/60] frame 52
  [54/60] frame 53
  [55/60] frame 54
  [56/60] frame 55
  [57/60] frame 56
  [58/60] frame 57
  [59/60] frame 58
  [60/60] frame 59

60 frames in 6317 s -> renders\pear_tumble
  renders\pear_tumble\rotation.mp4
  renders\pear_tumble\rotation.gif
